2025-03-31 17:39:31,796 - INFO - The bot is now online!
2025-03-31 17:44:50,291 - INFO - The bot is now online!
2025-03-31 17:45:30,805 - INFO - Currently playing Suiheisen
2025-03-31 17:47:03,511 - INFO - Pausing music bot
2025-03-31 17:47:08,210 - INFO - Resuming music playing
2025-03-31 17:47:37,012 - INFO - Currently playing Suiheisen
2025-03-31 17:59:59,943 - INFO - The bot is now online!
2025-03-31 18:07:48,291 - INFO - The bot is now online!
2025-03-31 18:08:47,379 - INFO - Currently playing マルボロ
2025-03-31 18:08:48,518 - INFO - https://music.youtube.com/watch?v=G9987T2q_Ak&feature=shared added to queue.
2025-03-31 18:08:54,755 - INFO - https://music.youtube.com/watch?v=_at-zfqPOqM&feature=shared added to queue.
2025-03-31 18:09:03,547 - INFO - Songs coming up next: ずるいよ… - 360
2025-03-31 18:09:06,318 - INFO - Songs coming up next: マルボロ - 233
2025-03-31 18:09:12,394 - INFO - Skipping 1 song(s)
2025-03-31 18:09:12,397 - INFO - Playing the next song - https://music.youtube.com/watch?v=_at-zfqPOqM&feature=shared
2025-03-31 18:09:14,993 - INFO - Currently playing マルボロ
2025-03-31 18:10:17,852 - INFO - https://music.youtube.com/watch?v=G9987T2q_Ak&feature=shared added to queue.
2025-03-31 18:10:22,041 - INFO - https://music.youtube.com/watch?v=_at-zfqPOqM&feature=shared added to queue.
2025-03-31 18:10:30,023 - INFO - Songs coming up next: ずるいよ… - 360
2025-03-31 18:10:32,821 - INFO - Songs coming up next: マルボロ - 233
2025-03-31 18:13:08,649 - INFO - Playing the next song - https://music.youtube.com/watch?v=G9987T2q_Ak&feature=shared
2025-03-31 18:13:11,201 - INFO - Currently playing ずるいよ…
2025-03-31 18:19:11,445 - INFO - Playing the next song - https://music.youtube.com/watch?v=_at-zfqPOqM&feature=shared
2025-03-31 18:19:14,419 - INFO - Currently playing マルボロ
